Running Stdio Transport Test...
Server Path: C:\Users\Vario\OneDrive\Desktop\MCP Servers\rpg-mcp\src\server\index.ts
Command: npx.cmd tsx C:\Users\Vario\OneDrive\Desktop\MCP Servers\rpg-mcp\src\server\index.ts
Sending initialize...
node.exe : 
At C:\Program Files\n
odejs\npx.ps1:29 
char:3
+   & $NODE_EXE 
$NPX_CLI_JS $args
+   ~~~~~~~~~~~~~~~~~
~~~~~~~~~~~~
    + CategoryInfo   
           : NotSpe  
  cified: (:String   
 ) [], RemoteExce    
ption
    + FullyQualified 
   ErrorId : Native  
  CommandError
 
node:internal/modules
/run_main:122
    triggerUncaughtEx
ception(
    ^
Error [ERR_MODULE_NOT
_FOUND]: Cannot find 
module 'C:\Users\Vari
o\OneDrive\Desktop\MC
P' imported from C:\U
sers\Vario\OneDrive\D
esktop\MCP 
Servers\rpg-mcp\
    at 
finalizeResolution (n
ode:internal/modules/
esm/resolve:275:11)
    at moduleResolve 
(node:internal/module
s/esm/resolve:860:10)
    at 
defaultResolve (node:
internal/modules/esm/
resolve:984:11)
    at nextResolve (n
ode:internal/modules/
esm/hooks:748:28)
    at resolveBase (f
ile:///C:/Users/Vario
/AppData/Local/npm-ca
che/_npx/fd45a72a5455
57e9/node_modules/tsx
/dist/esm/index.mjs?1
764205422214:2:3744)
    at 
resolveDirectory (fil
e:///C:/Users/Vario/A
ppData/Local/npm-cach
e/_npx/fd45a72a545557
e9/node_modules/tsx/d
ist/esm/index.mjs?176
4205422214:2:4243)
    at 
resolveTsPaths (file:
///C:/Users/Vario/App
Data/Local/npm-cache/
_npx/fd45a72a545557e9
/node_modules/tsx/dis
t/esm/index.mjs?17642
05422214:2:4984)
    at resolve (file:
///C:/Users/Vario/App
Data/Local/npm-cache/
_npx/fd45a72a545557e9
/node_modules/tsx/dis
t/esm/index.mjs?17642
05422214:2:5361)
    at nextResolve (n
ode:internal/modules/
esm/hooks:748:28)
    at Hooks.resolve 
(node:internal/module
s/esm/hooks:240:30) {
  code: 'ERR_MODULE_N
OT_FOUND',
  url: 'file:///C:/Us
ers/Vario/OneDrive/De
sktop/MCP'
}

Node.js v22.14.0
Server exited with 
code: 1
